// Jest Snapshot v1, https://goo.gl/fbAQLP

exports[`renders the home component correctly 1`] = `
<div>
  <div
    class="container"
  >
    <h1>
      Welcome to the Medications Dictionary!
    </h1>
    <img
      alt="Welcome to the Medications Dictionary!"
      sizes=" (max-width: 320px) 100px, (max-width: 500px) 250px, (max-width: 600px) 440px, 800px "
      src="homepageImage1.jpg"
      srcset=" /seainfo6150-final-project-webapp/static/media/homepageImage3.a935f9c1.jpg 300w, /seainfo6150-final-project-webapp/static/media/homepageImage2.c88681e9.jpg 600w, /seainfo6150-final-project-webapp/static/media/homepageImage1.0843378d.jpg 900w "
    />
  </div>
</div>
`;
