// Jest Snapshot v1, https://goo.gl/fbAQLP

exports[`renders the Certifications component correctly 1`] = `
<div>
  <div
    class="container"
  >
    <h1>
      Certifications
    </h1>
    <p>
        Certified by Cerner Multum Information Services: medications information database.
    </p>
    <p>
        Certified by Micromedex: Advanced Consumer Information database, Care Guide and Image Database.
    </p>
    <p>
        Certified by Physicians' Desk Reference: medications information database.
    </p>
    <p>
        Certified by Wolters Kluwer Health: facts and Comparisons Integrated MedFacts consumer medications information.
    </p>
  </div>
</div>
`;
